// Jest Snapshot v1, https://goo.gl/fbAQLP

exports[`<Header /> Theme rendering:  "dark" theme 1`] = `
.emotion-0 {
  text-align: center;
}

.emotion-2 {
  margin-bottom: 3rem;
}

.emotion-4 {
  display: block;
  width: 100%;
  color: #778CA3;
  text-align: center;
  margin-bottom: 2rem;
  -webkit-transition: 0.3s color linear;
  transition: 0.3s color linear;
}

.emotion-6 {
  display: block;
  width: 100%;
  outline: 0;
  font-size: 2rem;
  line-height: 2.4rem;
  padding: 0.8rem 1rem;
  background: transparent;
  border: 0;
  border: .1rem solid #00234B;
  text-align: center;
  color: #778CA3;
  -webkit-transition: 0.3s border linear;
  transition: 0.3s border linear;
}

.emotion-6:not([type='checkbox']) {
  -webkit-appearance: none;
  -moz-appearance: none;
  -ms-appearance: none;
  appearance: none;
}

.emotion-6::-webkit-input-placeholder {
  color: #778CA3;
}

.emotion-6::-moz-placeholder {
  color: #778CA3;
}

.emotion-6:-ms-input-placeholder {
  color: #778CA3;
}

.emotion-6::placeholder {
  color: #778CA3;
}

.emotion-20 {
  position: relative;
  width: 18rem;
  height: 4.5rem;
  padding: 0;
  font-weight: 500;
  font-size: 1.6rem;
  line-height: 1.9rem;
  border-radius: 5rem;
  -webkit-appearance: none;
  -moz-appearance: none;
  -ms-appearance: none;
  appearance: none;
  outline: none;
  -webkit-transition: 0.2s -webkit-transform linear,0.2s opacity linear;
  transition: 0.2s transform linear,0.2s opacity linear;
  color: #F9FAFF;
  background-color: #624DE3;
  border: .2rem solid rgba(98,77,227,0.3);
  box-shadow: 0 .6rem 1.2rem rgba(98,77,227,0.3);
}

.emotion-20:hover {
  -webkit-transform: translateY(0.2rem);
  -moz-transform: translateY(0.2rem);
  -ms-transform: translateY(0.2rem);
  transform: translateY(0.2rem);
  opacity: 0.85;
}

.emotion-22 {
  margin-top: 4rem;
}

<div
  class="emotion-0 emotion-1"
  data-testid="interface"
>
  <div
    class="emotion-2 emotion-3"
    data-testid="input"
  >
    <label
      class="emotion-4 emotion-5"
      for="divisible"
    >
      Number to Divide by
    </label>
    <input
      class="emotion-6 emotion-7"
      id="divisible"
      placeholder=""
      type="number"
      value=""
    />
    
  </div>
  <div
    class="emotion-2 emotion-3"
    data-testid="input"
  >
    <label
      class="emotion-4 emotion-5"
      for="startNumber"
    >
      First Number
    </label>
    <input
      class="emotion-6 emotion-7"
      id="startNumber"
      placeholder=""
      type="number"
      value=""
    />
    
  </div>
  <div
    class="emotion-2 emotion-3"
    data-testid="input"
  >
    <label
      class="emotion-4 emotion-5"
      for="endNumber"
    >
      Second Number
    </label>
    <input
      class="emotion-6 emotion-7"
      id="endNumber"
      placeholder=""
      type="number"
      value=""
    />
    
  </div>
  <button
    class="emotion-20 emotion-21"
    data-testid="button"
    type="button"
  >
    Process
  </button>
  <div
    class="emotion-22 emotion-23"
  >
    <div
      class="emotion-2 emotion-3"
      data-testid="input"
    >
      <label
        class="emotion-4 emotion-5"
        for="alert"
      >
        Use Alert
      </label>
      <input
        class="emotion-6 emotion-7"
        id="alert"
        placeholder=""
        type="checkbox"
        value=""
      />
      
    </div>
  </div>
</div>
`;

exports[`<Header /> Theme rendering:  "light" theme 1`] = `
.emotion-0 {
  text-align: center;
}

.emotion-2 {
  margin-bottom: 3rem;
}

.emotion-4 {
  display: block;
  width: 100%;
  color: #778CA3;
  text-align: center;
  margin-bottom: 2rem;
  -webkit-transition: 0.3s color linear;
  transition: 0.3s color linear;
}

.emotion-6 {
  display: block;
  width: 100%;
  outline: 0;
  font-size: 2rem;
  line-height: 2.4rem;
  padding: 0.8rem 1rem;
  background: transparent;
  border: 0;
  border: .1rem solid #00234B;
  text-align: center;
  color: #778CA3;
  -webkit-transition: 0.3s border linear;
  transition: 0.3s border linear;
}

.emotion-6:not([type='checkbox']) {
  -webkit-appearance: none;
  -moz-appearance: none;
  -ms-appearance: none;
  appearance: none;
}

.emotion-6::-webkit-input-placeholder {
  color: #778CA3;
}

.emotion-6::-moz-placeholder {
  color: #778CA3;
}

.emotion-6:-ms-input-placeholder {
  color: #778CA3;
}

.emotion-6::placeholder {
  color: #778CA3;
}

.emotion-20 {
  position: relative;
  width: 18rem;
  height: 4.5rem;
  padding: 0;
  font-weight: 500;
  font-size: 1.6rem;
  line-height: 1.9rem;
  border-radius: 5rem;
  -webkit-appearance: none;
  -moz-appearance: none;
  -ms-appearance: none;
  appearance: none;
  outline: none;
  -webkit-transition: 0.2s -webkit-transform linear,0.2s opacity linear;
  transition: 0.2s transform linear,0.2s opacity linear;
  color: #F9FAFF;
  background-color: #624DE3;
  border: .2rem solid rgba(98,77,227,0.3);
  box-shadow: 0 .6rem 1.2rem rgba(98,77,227,0.3);
}

.emotion-20:hover {
  -webkit-transform: translateY(0.2rem);
  -moz-transform: translateY(0.2rem);
  -ms-transform: translateY(0.2rem);
  transform: translateY(0.2rem);
  opacity: 0.85;
}

.emotion-22 {
  margin-top: 4rem;
}

<div
  class="emotion-0 emotion-1"
  data-testid="interface"
>
  <div
    class="emotion-2 emotion-3"
    data-testid="input"
  >
    <label
      class="emotion-4 emotion-5"
      for="divisible"
    >
      Number to Divide by
    </label>
    <input
      class="emotion-6 emotion-7"
      id="divisible"
      placeholder=""
      type="number"
      value=""
    />
    
  </div>
  <div
    class="emotion-2 emotion-3"
    data-testid="input"
  >
    <label
      class="emotion-4 emotion-5"
      for="startNumber"
    >
      First Number
    </label>
    <input
      class="emotion-6 emotion-7"
      id="startNumber"
      placeholder=""
      type="number"
      value=""
    />
    
  </div>
  <div
    class="emotion-2 emotion-3"
    data-testid="input"
  >
    <label
      class="emotion-4 emotion-5"
      for="endNumber"
    >
      Second Number
    </label>
    <input
      class="emotion-6 emotion-7"
      id="endNumber"
      placeholder=""
      type="number"
      value=""
    />
    
  </div>
  <button
    class="emotion-20 emotion-21"
    data-testid="button"
    type="button"
  >
    Process
  </button>
  <div
    class="emotion-22 emotion-23"
  >
    <div
      class="emotion-2 emotion-3"
      data-testid="input"
    >
      <label
        class="emotion-4 emotion-5"
        for="alert"
      >
        Use Alert
      </label>
      <input
        class="emotion-6 emotion-7"
        id="alert"
        placeholder=""
        type="checkbox"
        value=""
      />
      
    </div>
  </div>
</div>
`;
